
== harmonic, warm (λ=0.2, γ=1, kT=1), Padé 1 ==
exact finite-bath stationary ⟨δq²⟩ = 1.0815  ⟨δp²⟩ = 1.1111
closure      depth  ⟨δq²⟩,⟨δp²⟩ at t = 10, 20, 30, 40
none             0   0.510, 0.686   0.502, 0.897   0.618, 0.935   0.778, 0.910
markov_diag      0   4.342, 4.707   7.769, 7.869   9.737, 9.785  10.777,10.761
markov_full      0   4.342, 4.707   7.769, 7.869   9.737, 9.785  10.777,10.761
nz_diag          0  -2.559, 3.798   3.233,-8.831  -1.242,-86.902  -994.047,-711.371
nz_full          0  -2.559, 3.798   3.233,-8.831  -1.242,-86.902  -994.047,-711.371
none             1   0.756, 0.792   0.771, 0.837   0.747, 0.884   0.004, 1.338
markov_diag      1   1.017, 1.040   1.063, 1.099   1.077, 1.101   1.079, 1.107
markov_full      1   1.018, 1.040   1.063, 1.099   1.077, 1.101   1.079, 1.107
nz_diag          1   1.029, 1.014   1.044, 1.100   1.602,-20.818  blew up t=30.0
nz_full          1   1.028, 1.015   1.040, 1.111   1.307,-7.112  -27922.621,-1858885.164
none             2   0.999, 1.055   1.071, 1.093   0.778, 1.355  -4355.866,-6440.291
markov_diag      2   1.001, 1.059   1.075, 1.098   1.080, 1.110   1.081, 1.110
markov_full      2   1.001, 1.059   1.075, 1.098   1.080, 1.110   1.081, 1.110
nz_diag          2   1.003, 1.059   1.045, 1.121  -2489.544,-11759.955  blew up t=30.0
nz_full          2   1.003, 1.059   1.060, 1.110  -766.861,-2423.855  blew up t=30.0

== harmonic, cold weak (λ=0.05, γ=0.5, kT=0.1), Padé 2 ==
exact finite-bath stationary ⟨δq²⟩ = 0.4917  ⟨δp²⟩ = 0.5212
closure      depth  ⟨δq²⟩,⟨δp²⟩ at t = 10, 20, 30, 40
none             0   0.517, 0.600   0.578, 0.653   0.662, 0.679   0.678, 0.781
markov_diag      0   0.691, 0.709   0.893, 0.907   1.103, 1.097   1.310, 1.290
markov_full      0   0.691, 0.709   0.893, 0.907   1.103, 1.097   1.310, 1.290
nz_diag          0  -0.157, 0.863  -0.234, 0.809   2.057,-1.821   0.430,-0.096
nz_full          0  -0.157, 0.863  -0.234, 0.809   2.057,-1.821   0.430,-0.096
none             1   0.471, 0.537   0.483, 0.512   0.487, 0.503   0.473, 0.514
markov_diag      1   0.468, 0.546   0.494, 0.510   0.369, 0.682   0.472, 0.680
markov_full      1   0.473, 0.550   0.495, 0.523   0.508, 0.507   0.482, 0.534
nz_diag          1   0.468, 0.546   0.487, 0.515   0.498, 0.497   0.467, 0.517
nz_full          1   0.473, 0.550   0.495, 0.523   0.508, 0.507   0.483, 0.534
none             2   0.478, 0.544   0.491, 0.527   0.503, 0.513   0.489, 0.526
markov_diag      2   0.478, 0.544   0.491, 0.526   0.503, 0.513   0.481, 0.536
markov_full      2   0.478, 0.544   0.491, 0.527   0.503, 0.513   0.489, 0.526
nz_diag          2   0.478, 0.544   0.491, 0.527   0.503, 0.513   0.489, 0.526
nz_full          2   0.478, 0.544   0.491, 0.527   0.503, 0.513   0.489, 0.526
┌ Warning: Verbosity toggle: instability 
│  Instability detected. Aborting.
└ @ DiffEqBase ~/.julia/packages/DiffEqBase/2YsuI/src/check_error.jl:37
┌ Warning: Verbosity toggle: instability 
│  Instability detected. Aborting.
└ @ DiffEqBase ~/.julia/packages/DiffEqBase/2YsuI/src/check_error.jl:37
┌ Warning: Verbosity toggle: instability 
│  Instability detected. Aborting.
└ @ DiffEqBase ~/.julia/packages/DiffEqBase/2YsuI/src/check_error.jl:37
