
== harmonic, cold strong (λ=0.8, γ=0.5, kT=0.1), Padé 1 ==
rates    [0.5, 0.6481]
residues ComplexF64[-0.5165 - 0.4im, 0.7472 + 0.0im]  D = 0.2
closure      depth    size        Re λ₁        Re λ₂        Re λ₃
none             0     400    1.653e-15   -1.394e-15   -2.320e-02
markov_diag      0     400    7.306e-16   -2.678e-15   -5.119e-02
markov_full      0     400    7.306e-16   -2.678e-15   -5.119e-02
nz_diag          0     400    4.673e-01    4.673e-01    2.699e-01
nz_full          0     400    4.673e-01    4.673e-01    2.699e-01
none             1    1200    8.890e-01    8.890e-01    7.699e-01
markov_diag      1    1200    4.576e-01    4.576e-01    4.321e-01
markov_full      1    1200    4.290e-14    1.654e-14   -1.551e-02
nz_diag          1    1200    1.200e+00    1.200e+00    1.089e+00
nz_full          1    1200    1.192e+00    1.192e+00    1.080e+00
none             2    2400    1.688e+00    1.688e+00    1.672e+00
markov_diag      2    2400    9.933e-01    9.933e-01    9.833e-01
markov_full      2    2400    3.906e-01    3.906e-01    3.068e-01
nz_diag          2    2400    1.994e+00    1.994e+00    1.990e+00
nz_full          2    2400    1.983e+00    1.983e+00    1.972e+00
none             3    4000    2.409e+00    2.409e+00    2.363e+00
markov_diag      3    4000    1.471e+00    1.471e+00    1.453e+00
markov_full      3    4000    1.193e+00    1.193e+00    1.181e+00
nz_diag          3    4000    2.722e+00    2.722e+00    2.603e+00
nz_full          3    4000    2.701e+00    2.701e+00    2.619e+00
none             4    6000    3.075e+00    3.075e+00    3.024e+00
markov_diag      4    6000    2.025e+00    2.025e+00    1.930e+00
markov_full      4    6000    1.918e+00    1.918e+00    1.861e+00
nz_diag          4    6000    3.310e+00    3.310e+00    3.287e+00
nz_full          4    6000    3.325e+00    3.325e+00    3.261e+00
none             5    8400    3.653e+00    3.653e+00    3.591e+00
markov_diag      5    8400    2.669e+00    2.669e+00    2.624e+00
markov_full      5    8400    2.574e+00    2.574e+00    2.522e+00
nz_diag          5    8400    3.887e+00    3.887e+00    3.800e+00
nz_full          5    8400    3.897e+00    3.897e+00    3.812e+00

== harmonic, very strong (λ=2, γ=0.5, kT=0.1), Padé 1 ==
rates    [0.5, 0.6481]
residues ComplexF64[-1.291 - 1.0im, 1.868 + 0.0im]  D = 0.5
closure      depth    size        Re λ₁        Re λ₂        Re λ₃
none             0     400    6.559e-16   -1.461e-15   -4.445e-02
markov_diag      0     400    1.312e-15   -7.452e-15   -1.259e-01
markov_full      0     400    1.312e-15   -7.452e-15   -1.259e-01
nz_diag          0     400    3.956e-01    3.956e-01    2.733e-01
nz_full          0     400    3.956e-01    3.956e-01    2.733e-01
none             1    1200    1.516e+00    1.516e+00    1.398e+00
markov_diag      1    1200    1.126e+00    1.074e+00    1.074e+00
markov_full      1    1200    1.771e-14   -8.130e-14   -3.556e-02
nz_diag          1    1200    1.913e+00    1.913e+00    1.789e+00
nz_full          1    1200    1.913e+00    1.913e+00    1.788e+00
none             2    2400    3.005e+00    3.005e+00    2.977e+00
markov_diag      2    2400    2.726e+00    2.726e+00    2.692e+00
markov_full      2    2400    1.012e+00    1.012e+00    9.245e-01
nz_diag          2    2400    3.388e+00    3.388e+00    3.370e+00
nz_full          2    2400    3.402e+00    3.402e+00    3.370e+00
none             3    4000    4.399e+00    4.399e+00    4.075e+00
markov_diag      3    4000    3.922e+00    3.922e+00    3.919e+00
markov_full      3    4000    2.504e+00    2.504e+00    2.476e+00
nz_diag          3    4000    4.776e+00    4.776e+00    4.465e+00
nz_full          3    4000    4.793e+00    4.793e+00    4.466e+00
none             4    6000    5.538e+00    5.538e+00    5.010e+00
markov_diag      4    6000    4.715e+00    4.715e+00    4.701e+00
markov_full      4    6000    3.899e+00    3.899e+00    3.575e+00
nz_diag          4    6000    5.911e+00    5.911e+00    5.379e+00
nz_full          4    6000    5.930e+00    5.930e+00    5.402e+00
none             5    8400    6.502e+00    6.502e+00    6.084e+00
markov_diag      5    8400    5.262e+00    5.262e+00    5.249e+00
markov_full      5    8400    5.039e+00    5.039e+00    4.512e+00
nz_diag          5    8400    6.872e+00    6.872e+00    6.434e+00
nz_full          5    8400    6.892e+00    6.892e+00    6.467e+00

== harmonic, cold strong, Matsubara 1 (negative Drude residue) ==
rates    [0.5, 0.6283]
residues ComplexF64[-0.5355 - 0.4im, 0.6944 + 0.0im]  D = 0.285825360752965
closure      depth    size        Re λ₁        Re λ₂        Re λ₃
none             0     400    2.830e-17   -1.093e-15   -3.303e-02
markov_diag      0     400    1.133e-14   -1.415e-15   -5.124e-02
markov_full      0     400    1.133e-14   -1.415e-15   -5.124e-02
nz_diag          0     400    3.742e-01    3.742e-01    2.334e-01
nz_full          0     400    3.742e-01    3.742e-01    2.334e-01
none             1    1200    7.844e-01    7.844e-01    6.519e-01
markov_diag      1    1200    3.853e-01    3.853e-01    3.713e-01
markov_full      1    1200    2.436e-15    2.436e-15   -2.084e-02
nz_diag          1    1200    1.095e+00    1.095e+00    9.743e-01
nz_full          1    1200    1.088e+00    1.088e+00    9.629e-01
none             2    2400    1.590e+00    1.590e+00    1.444e+00
markov_diag      2    2400    8.611e-01    8.611e-01    8.464e-01
markov_full      2    2400    2.874e-01    2.874e-01    1.978e-01
nz_diag          2    2400    1.897e+00    1.897e+00    1.764e+00
nz_full          2    2400    1.885e+00    1.885e+00    1.745e+00
none             3    4000    2.196e+00    2.196e+00    2.159e+00
markov_diag      3    4000    1.115e+00    1.115e+00    1.106e+00
markov_full      3    4000    1.096e+00    1.096e+00    9.522e-01
nz_diag          3    4000    2.512e+00    2.512e+00    2.460e+00
nz_full          3    4000    2.489e+00    2.489e+00    2.445e+00
none             4    6000    2.778e+00    2.778e+00    2.586e+00
markov_diag      4    6000    1.796e+00    1.796e+00    1.691e+00
markov_full      4    6000    1.705e+00    1.705e+00    1.663e+00
nz_diag          4    6000    3.090e+00    3.090e+00    2.881e+00
nz_full          4    6000    3.064e+00    3.064e+00    2.863e+00
none             5    8400    3.243e+00    3.243e+00    3.095e+00
markov_diag      5    8400    2.384e+00    2.384e+00    2.124e+00
markov_full      5    8400    2.287e+00    2.287e+00    2.088e+00
nz_diag          5    8400    3.552e+00    3.552e+00    3.335e+00
nz_full          5    8400    3.522e+00    3.522e+00    3.340e+00

== quartic q²/2+0.08q⁴, very strong, Padé 1 ==
rates    [0.5, 0.6481]
residues ComplexF64[-1.291 - 1.0im, 1.868 + 0.0im]  D = 0.5
closure      depth    size        Re λ₁        Re λ₂        Re λ₃
none             0     400   -1.707e-15   -1.707e-15   -3.224e-02
markov_diag      0     400   -5.076e-15   -8.439e-15   -6.956e-02
markov_full      0     400   -5.076e-15   -8.439e-15   -6.956e-02
nz_diag          0     400    3.011e-01    3.011e-01    2.276e-05
nz_full          0     400    3.011e-01    3.011e-01    2.276e-05
none             1    1200    1.622e+00    1.622e+00    1.485e+00
markov_diag      1    1200    1.492e+00    1.492e+00    1.480e+00
markov_full      1    1200    5.143e-15    5.143e-15   -8.553e-02
nz_diag          1    1200    1.737e+00    1.737e+00    1.612e+00
nz_full          1    1200    1.738e+00    1.738e+00    1.614e+00
none             2    2400    3.078e+00    3.078e+00    2.946e+00
markov_diag      2    2400    3.928e+00    3.928e+00    3.921e+00
markov_full      2    2400    1.122e+00    1.122e+00    1.007e+00
nz_diag          2    2400    3.190e+00    3.190e+00    3.060e+00
nz_full          2    2400    3.191e+00    3.191e+00    3.066e+00
none             3    4000    4.487e+00    4.487e+00    4.374e+00
markov_diag      3    4000    5.241e+00    5.241e+00    5.235e+00
markov_full      3    4000    2.578e+00    2.578e+00    2.445e+00
nz_diag          3    4000    4.587e+00    4.587e+00    4.486e+00
nz_full          3    4000    4.596e+00    4.596e+00    4.492e+00
none             4    6000    5.806e+00    5.806e+00    5.547e+00
markov_diag      4    6000    6.062e+00    6.062e+00    6.058e+00
markov_full      4    6000    3.985e+00    3.985e+00    3.875e+00
nz_diag          4    6000    5.905e+00    5.905e+00    5.657e+00
nz_full          4    6000    5.913e+00    5.913e+00    5.663e+00
none             5    8400    6.930e+00    6.930e+00    6.553e+00
markov_diag      5    8400    6.626e+00    6.626e+00    6.624e+00
markov_full      5    8400    5.305e+00    5.305e+00    5.048e+00
nz_diag          5    8400    7.028e+00    7.028e+00    6.657e+00
nz_full          5    8400    7.036e+00    7.036e+00    6.664e+00
