== sweep: coupling (harmonic m=ω=ħ=1; Spectral, scaled, ±8/64 unless stated) ==
γ=0.5 kT=0.1 λ=0.05 depth 4                  members   35  growth   0.5008  local bound   1.1705 (q= -8.00)  [  247s]
γ=0.5 kT=0.1 λ=0.1 depth 4                   members   35  growth   0.8178  local bound   1.9403 (q= -8.00)  [  332s]
γ=0.5 kT=0.1 λ=0.2 depth 4                   members   35  growth   1.5458  local bound   2.9699 (q= -8.00)  [  201s]
γ=0.5 kT=0.1 λ=0.4 depth 4                   members   35  growth   2.9709  local bound   4.3252 (q= -8.00)  [  181s]
γ=0.5 kT=0.1 λ=0.8 depth 4                   members   35  growth   4.8452  local bound   6.0827 (q= -8.00)  [  260s]
γ=0.5 kT=0.1 λ=1.6 depth 4                   members   35  growth   7.3492  local bound   8.3494 (q= -8.00)  [  451s]

[256561] signal 15: Terminated
in expression starting at /home/louie/skunkworks/HEOM.jl/prototypes/box_edge/characterise.jl:20
unknown function (ip: 0x722aca8ac800) at /usr/lib/x86_64-linux-gnu/libc.so.6
unknown function (ip: 0x722aca8a030b) at /usr/lib/x86_64-linux-gnu/libc.so.6
unknown function (ip: 0x722aca8a06e6) at /usr/lib/x86_64-linux-gnu/libc.so.6
pthread_cond_wait at /usr/lib/x86_64-linux-gnu/libc.so.6 (unknown line)
uv_cond_wait at /workspace/srcdir/libuv/src/unix/thread.c:822
jl_parallel_gc_threadfun at /cache/build/builder-amdci4-8/julialang/julia-ci/src/gc-stock.c:3729
unknown function (ip: 0x722aca8a3df9) at /usr/lib/x86_64-linux-gnu/libc.so.6
unknown function (ip: 0x722aca9375cb) at /usr/lib/x86_64-linux-gnu/libc.so.6
unknown function (ip: (nil)) at (unknown file)
unknown function (ip: 0x722aca8ac800) at /usr/lib/x86_64-linux-gnu/libc.so.6
unknown function (ip: 0x722aca8a030b) at /usr/lib/x86_64-linux-gnu/libc.so.6
unknown function (ip: 0x722aca8a06e6) at /usr/lib/x86_64-linux-gnu/libc.so.6
pthread_cond_wait at /usr/lib/x86_64-linux-gnu/libc.so.6 (unknown line)
uv_cond_wait at /workspace/srcdir/libuv/src/unix/thread.c:822
ijl_task_get_next at /cache/build/builder-amdci4-8/julialang/julia-ci/src/scheduler.c:599
wait at ./task.jl:1297
wait_forever at ./task.jl:1196
jfptr_wait_forever_70523.1 at /home/louie/.julia/juliaup/julia-1.13.1+0.x64.linux.gnu/lib/julia/sys.so (unknown line)
jl_apply at /cache/build/builder-amdci4-8/julialang/julia-ci/src/julia.h:2318 [inlined]
start_task at /cache/build/builder-amdci4-8/julialang/julia-ci/src/task.c:1285
unknown function (ip: (nil)) at (unknown file)
unknown function (ip: 0x722aca8ac800) at /usr/lib/x86_64-linux-gnu/libc.so.6
unknown function (ip: 0x722aca8a030b) at /usr/lib/x86_64-linux-gnu/libc.so.6
unknown function (ip: 0x722aca8a06e6) at /usr/lib/x86_64-linux-gnu/libc.so.6
pthread_cond_wait at /usr/lib/x86_64-linux-gnu/libc.so.6 (unknown line)
uv_cond_wait at /workspace/srcdir/libuv/src/unix/thread.c:822
ijl_task_get_next at /cache/build/builder-amdci4-8/julialang/julia-ci/src/scheduler.c:599
wait at ./task.jl:1297
#wait#392 at ./condition.jl:141
wait at ./condition.jl:136 [inlined]
_trywait at ./asyncevent.jl:186
profile_printing_listener at ./Base.jl:335
#start_profile_listener##0 at ./Base.jl:355
jfptr_YY.start_profile_listenerYY.YY.0_16783.1 at /home/louie/.julia/juliaup/julia-1.13.1+0.x64.linux.gnu/lib/julia/sys.so (unknown line)
jl_apply at /cache/build/builder-amdci4-8/julialang/julia-ci/src/julia.h:2318 [inlined]
start_task at /cache/build/builder-amdci4-8/julialang/julia-ci/src/task.c:1285
unknown function (ip: (nil)) at (unknown file)
r2cf_64 at /home/louie/.julia/artifacts/fddee2a92d37e18a0b5265dce2aab7af84fd9242/lib/libfftw3.so (unknown line)
apply_r2hc at /home/louie/.julia/artifacts/fddee2a92d37e18a0b5265dce2aab7af84fd9242/lib/libfftw3.so (unknown line)
unsafe_execute! at /home/louie/.julia/packages/FFTW/uNgRy/src/fft.jl:530 [inlined]
mul! at /home/louie/.julia/packages/FFTW/uNgRy/src/fft.jl:924 [inlined]
apply_wigner_moyal! at /home/louie/skunkworks/HEOM.jl/src/wigner_moyal.jl:239
heom! at /home/louie/skunkworks/HEOM.jl/src/heom.jl:607
Void at /home/louie/.julia/packages/SciMLBase/MotTR/src/utils.jl:703 [inlined]
CallWrapper at /home/louie/.julia/packages/FunctionWrappers/Q5cBx/src/FunctionWrappers.jl:65
unknown function (ip: 0x722aac06dfcb) at (unknown file)
macro expansion at /home/louie/.julia/packages/FunctionWrappers/Q5cBx/src/FunctionWrappers.jl:137 [inlined]
do_ccall at /home/louie/.julia/packages/FunctionWrappers/Q5cBx/src/FunctionWrappers.jl:125 [inlined]
FunctionWrapper at /home/louie/.julia/packages/FunctionWrappers/Q5cBx/src/FunctionWrappers.jl:144 [inlined]
_call at /home/louie/.julia/packages/FunctionWrappersWrappers/7CPBX/src/FunctionWrappersWrappers.jl:392 [inlined]
FunctionWrappersWrapper at /home/louie/.julia/packages/FunctionWrappersWrappers/7CPBX/src/FunctionWrappersWrappers.jl:384 [inlined]
ODEFunction at /home/louie/.julia/packages/SciMLBase/MotTR/src/scimlfunctions.jl:2968 [inlined]
perform_step! at /home/louie/.julia/packages/OrdinaryDiffEqVerner/UEVOU/src/verner_rk_perform_step.jl:472
perform_step! at /home/louie/.julia/packages/OrdinaryDiffEqVerner/UEVOU/src/verner_rk_perform_step.jl:413 [inlined]
solve! at /home/louie/.julia/packages/OrdinaryDiffEqCore/niPe0/src/solve.jl:1075
#__solve#130 at /home/louie/.julia/packages/OrdinaryDiffEqCore/niPe0/src/solve.jl:10 [inlined]
__solve at /home/louie/.julia/packages/OrdinaryDiffEqCore/niPe0/src/solve.jl:1 [inlined]
#solve_call#29 at /home/louie/.julia/packages/DiffEqBase/2YsuI/src/solve.jl:234 [inlined]
solve_call at /home/louie/.julia/packages/DiffEqBase/2YsuI/src/solve.jl:199 [inlined]
#solve_up#36 at /home/louie/.julia/packages/DiffEqBase/2YsuI/src/solve.jl:711 [inlined]
solve_up at /home/louie/.julia/packages/DiffEqBase/2YsuI/src/solve.jl:681 [inlined]
#solve#35 at /home/louie/.julia/packages/DiffEqBase/2YsuI/src/solve.jl:665 [inlined]
solve at /home/louie/.julia/packages/DiffEqBase/2YsuI/src/solve.jl:653
unknown function (ip: 0x722aac069ec6) at (unknown file)
#growth_rate#13 at /home/louie/skunkworks/HEOM.jl/prototypes/box_edge/common.jl:125
growth_rate at /home/louie/skunkworks/HEOM.jl/prototypes/box_edge/common.jl:117 [inlined]
macro expansion at ./timing.jl:463 [inlined]
#report#19 at /home/louie/skunkworks/HEOM.jl/prototypes/box_edge/characterise.jl:7
report at /home/louie/skunkworks/HEOM.jl/prototypes/box_edge/characterise.jl:6 [inlined]
top-level scope at /home/louie/skunkworks/HEOM.jl/prototypes/box_edge/characterise.jl:40
jl_toplevel_eval_flex at /cache/build/builder-amdci4-8/julialang/julia-ci/src/toplevel.c:731
jl_eval_toplevel_stmts at /cache/build/builder-amdci4-8/julialang/julia-ci/src/toplevel.c:585
jl_toplevel_eval_flex at /cache/build/builder-amdci4-8/julialang/julia-ci/src/toplevel.c:683
ijl_toplevel_eval at /cache/build/builder-amdci4-8/julialang/julia-ci/src/toplevel.c:754
ijl_toplevel_eval_in at /cache/build/builder-amdci4-8/julialang/julia-ci/src/toplevel.c:799
eval at ./boot.jl:489
include_string at ./loading.jl:3033
_include at ./loading.jl:3093
include at ./Base.jl:309
exec_options at ./client.jl:344
_start at ./client.jl:577
jfptr__start_58396.1 at /home/louie/.julia/juliaup/julia-1.13.1+0.x64.linux.gnu/lib/julia/sys.so (unknown line)
jl_apply at /cache/build/builder-amdci4-8/julialang/julia-ci/src/julia.h:2318 [inlined]
true_main at /cache/build/builder-amdci4-8/julialang/julia-ci/src/jlapi.c:985
jl_repl_entrypoint at /cache/build/builder-amdci4-8/julialang/julia-ci/src/jlapi.c:1152
main at /cache/build/builder-amdci4-8/julialang/julia-ci/cli/loader_exe.c:58
unknown function (ip: 0x722aca82a600) at /usr/lib/x86_64-linux-gnu/libc.so.6
__libc_start_main at /usr/lib/x86_64-linux-gnu/libc.so.6 (unknown line)
unknown function (ip: 0x4010b8) at /workspace/srcdir/glibc-2.17/csu/../sysdeps/x86_64/start.S
unknown function (ip: (nil)) at (unknown file)
Allocations: 32415196 (Pool: 32414431; Big: 765); GC: 296
